enter number: 150
051 + 150 = 201
201 + 102 = 303
Palindrome: 303
